Fetching SP500 ticker list...
Fetched 503 SP500 tickers from Wikipedia
Processing 503 tickers (day timeframe) with 20 workers into tbl_scanner_tickers_daily...
  [1/503] ABNB: 1363 days inserted
  [2/503] A: 1457 days inserted
  [3/503] AIG: 1456 days inserted
  [4/503] AKAM: 1459 days inserted
  [5/503] ACGL: 1459 days inserted
  [6/503] ADP: 1459 days inserted
  [7/503] AJG: 1456 days inserted
  [8/503] ABT: 1457 days inserted
  [9/503] AEP: 1459 days inserted
  [10/503] AIZ: 1456 days inserted
  [11/503] AES: 1457 days inserted
  [12/503] ADSK: 1459 days inserted
  [13/503] ADI: 1459 days inserted
  [14/503] AEE: 1457 days inserted
  [15/503] ACN: 1457 days inserted
  [16/503] ADM: 1457 days inserted
  [17/503] AAPL: 1459 days inserted
  [18/503] AFL: 1456 days inserted
  [19/503] ADBE: 1459 days inserted
  [20/503] ABBV: 1457 days inserted
  [21/503] ALB: 1456 days inserted
  [22/503] ALLE: 1456 days inserted
  [23/503] ALL: 1456 days inserted
  [24/503] AMAT: 1459 days inserted
  [25/503] ALGN: 1459 days inserted
  [26/503] AMD: 1459 days inserted
  [27/503] AMT: 1456 days inserted
  [28/503] AMGN: 1459 days inserted
  [29/503] ANET: 1456 days inserted
  [30/503] AMZN: 1459 days inserted
  [31/503] AMP: 1456 days inserted
  [32/503] APH: 1456 days inserted
  [33/503] AOS: 1456 days inserted
  [34/503] AMCR: 1456 days inserted
  [35/503] AME: 1456 days inserted
  [36/503] APA: 1459 days inserted
  [37/503] APD: 1456 days inserted
  [38/503] APP: 1278 days inserted
  [39/503] APO: 1456 days inserted
  [40/503] AON: 1456 days inserted
  [41/503] ARE: 1456 days inserted
  [42/503] APTV: 1456 days inserted
  [43/503] ATO: 1456 days inserted
  [44/503] ARES: 1456 days inserted
  [45/503] AVY: 1456 days inserted
  [46/503] AVGO: 1459 days inserted
  [47/503] AVB: 1456 days inserted
  [48/503] AXON: 1459 days inserted
  [49/503] BA: 1456 days inserted
  [50/503] AWK: 1456 days inserted
  [51/503] AXP: 1456 days inserted
  [52/503] BALL: 1456 days inserted
  [53/503] AZO: 1456 days inserted
  [54/503] BAC: 1456 days inserted
  [55/503] BAX: 1456 days inserted
  [56/503] BEN: 1456 days inserted
  [57/503] BDX: 1456 days inserted
  [58/503] BF.B: 1456 days inserted
  [59/503] BBY: 1456 days inserted
  [60/503] BG: 1456 days inserted
  [61/503] BK: 1456 days inserted
  [62/503] BKNG: 1459 days inserted
  [63/503] BKR: 1457 days inserted
  [64/503] BLDR: 1457 days inserted
  [65/503] BIIB: 1458 days inserted
  [66/503] BSX: 1456 days inserted
  [67/503] BMY: 1456 days inserted
  [68/503] BLK: 1456 days inserted
  [69/503] BXP: 1456 days inserted
  [70/503] BX: 1456 days inserted
  [71/503] BRO: 1456 days inserted
  [72/503] BR: 1456 days inserted
  [73/503] C: 1456 days inserted
  [74/503] CAH: 1456 days inserted
  [75/503] BRK.B: 1456 days inserted
  [76/503] CARR: 1456 days inserted
  [77/503] CAG: 1456 days inserted
  [78/503] CASY: 1459 days inserted
  [79/503] CAT: 1456 days inserted
  [80/503] CB: 1456 days inserted
  [81/503] CBOE: 1459 days inserted
  [82/503] CCI: 1456 days inserted
  [83/503] CBRE: 1456 days inserted
  [84/503] CEG: 1075 days inserted
  [85/503] CCL: 1456 days inserted
  [86/503] CDNS: 1459 days inserted
  [87/503] CF: 1456 days inserted
  [88/503] CDW: 1459 days inserted
  [89/503] CI: 1456 days inserted
  [90/503] CHD: 1456 days inserted
  [91/503] CFG: 1456 days inserted
  [92/503] CIEN: 1456 days inserted
  [93/503] CINF: 1459 days inserted
  [94/503] CHRW: 1459 days inserted
  [95/503] CHTR: 1459 days inserted
  [96/503] CL: 1456 days inserted
  [97/503] CME: 1459 days inserted
  [98/503] CMG: 1456 days inserted
  [99/503] CMCSA: 1460 days inserted
  [100/503] CMI: 1456 days inserted
  [101/503] CLX: 1456 days inserted
  [102/503] COF: 1456 days inserted
  [103/503] CMS: 1456 days inserted
  [104/503] CNC: 1456 days inserted
  [105/503] CNP: 1456 days inserted
  [106/503] COHR: 1459 days inserted
  [107/503] COIN: 1279 days inserted
  [108/503] COST: 1459 days inserted
  [109/503] COO: 1456 days inserted
  [110/503] COP: 1456 days inserted
  [111/503] CPT: 1456 days inserted
  [112/503] CPAY: 1456 days inserted
  [113/503] COR: 1456 days inserted
  [114/503] CPRT: 1459 days inserted
  [115/503] CRH: 1456 days inserted
  [116/503] CPB: 1456 days inserted
  [117/503] CRM: 1456 days inserted
  [118/503] CRL: 1456 days inserted
  [119/503] CRWD: 1459 days inserted
  [120/503] CSX: 1459 days inserted
  [121/503] CSCO: 1460 days inserted
  [122/503] CTVA: 1456 days inserted
  [123/503] CSGP: 1459 days inserted
  [124/503] CTAS: 1460 days inserted
  [125/503] CVNA: 1456 days inserted
  [126/503] CVS: 1456 days inserted
  [127/503] DASH: 1361 days inserted
  [128/503] DAL: 1456 days inserted
  [129/503] CTSH: 1459 days inserted
  [130/503] CVX: 1456 days inserted
  [131/503] D: 1456 days inserted
  [132/503] DE: 1456 days inserted
  [133/503] DELL: 1456 days inserted
  [134/503] DD: 1456 days inserted
  [135/503] DDOG: 1459 days inserted
  [136/503] DECK: 1456 days inserted
  [137/503] DHR: 1456 days inserted
  [138/503] DG: 1456 days inserted
  [139/503] DIS: 1457 days inserted
  [140/503] DGX: 1456 days inserted
  [141/503] DHI: 1456 days inserted
  [142/503] DLR: 1456 days inserted
  [143/503] DOC: 1456 days inserted
  [144/503] DOV: 1456 days inserted
  [145/503] DLTR: 1459 days inserted
  [146/503] DPZ: 1456 days inserted
  [147/503] DTE: 1456 days inserted
  [148/503] DUK: 1456 days inserted
  [149/503] DRI: 1456 days inserted
  [150/503] DOW: 1456 days inserted
  [151/503] DVN: 1456 days inserted
  [152/503] DXCM: 1459 days inserted
  [153/503] DVA: 1456 days inserted
  [154/503] EA: 1459 days inserted
  [155/503] EG: 1456 days inserted
  [156/503] EBAY: 1459 days inserted
  [157/503] ELV: 1456 days inserted
  [158/503] ECL: 1457 days inserted
  [159/503] ED: 1457 days inserted
  [160/503] EFX: 1457 days inserted
  [161/503] EIX: 1457 days inserted
  [162/503] EL: 1457 days inserted
  [163/503] EMR: 1457 days inserted
  [164/503] EME: 1457 days inserted
  [165/503] EOG: 1457 days inserted
  [166/503] EPAM: 1456 days inserted
  [167/503] EQT: 1456 days inserted
  [168/503] EQIX: 1459 days inserted
  [169/503] EQR: 1456 days inserted
  [170/503] ESS: 1456 days inserted
  [171/503] ERIE: 1458 days inserted
  [172/503] ES: 1456 days inserted
  [173/503] ETN: 1456 days inserted
  [174/503] ETR: 1456 days inserted
  [175/503] EW: 1456 days inserted
  [176/503] EVRG: 1456 days inserted
  [177/503] EXC: 1459 days inserted
  [178/503] EXE: 1322 days inserted
  [179/503] EXPD: 1459 days inserted
  [180/503] F: 1456 days inserted
  [181/503] EXPE: 1459 days inserted
